2023-04-03
1. Pushups(handle) = 15+13+12
2. Overhead dummbell press = 12([7.5 7.5])+8([7.5 7.5])+12([5 5])
3. Butterfly(setting:4) = 15(30)+8(36)+10(30)
4. Lateral dumbbell raises = 10([2 2])+10([3 2])+12([3 2])
5. Crunches = 12+12+12
6. Tricep Dips = 12+12

2023-04-05
1. Forearm curls = 15([2.5 2.5])+[10 12]([5 5])+[8 12]([5 5])+[5 0]([2.5 0])
2. Hammer Curls = 12([5 5])+12([5 5])+[6 12]([5 5])
3. Rear Delts = 12(23)+10(30)+12(23)
4. Lat pulldowns(grip:wide) = 12(23)+12(23)+12(30)
5. Dumbbell preacher curls = [12 12]([5 5])[minor right shoulder pain]+[12 12]([5 5])+[12 12]([5 5])[wrist pain]

2023-04-05
1. Calf raises = 15(+6)+15(+8)+15(+8)
2. Leg Extensions(setting:1) = 16(32)+15(32)+15(32)
3. Leg curls(setting:8) = 15(32)+20(32)+15(32)
4. Calf press = 10(55)+10(55)+10(55)
5. Hip Abduction = 15(32)+15(32)+17(32)

2023-04-14
1. Pushups = 13+12+10+4
2. Shoulder shrugs = 12([12 12])+14([12 12])+12([14 14])
3. Butterfly(setting:4) = 12(30)+12(30)+8(30)+4(23)
4. Overhead dumbbell press = 12([7.5 7.5])+7(7.5)+5(5)
5. Tricep dips = 13+12+12+7
6. Inclined Dumbbell Press(deg30) = 12([5 5])+7([7.5 7.5])
7. Squats = 12+12